../Core/Src/main.c:75:5:main	8	static
../Core/Src/main.c:124:6:SystemClock_Config	88	static
../Core/Src/main.c:171:13:MX_ADC1_Init	56	static
../Core/Src/main.c:259:13:MX_LPUART1_UART_Init	8	static
../Core/Src/main.c:306:13:MX_TIM1_Init	40	static
../Core/Src/main.c:353:13:MX_TIM2_Init	40	static
../Core/Src/main.c:398:13:MX_GPIO_Init	48	static
../Core/Src/main.c:435:6:HAL_TIM_PeriodElapsedCallback	16	static
../Core/Src/main.c:450:6:HAL_ADCEx_EndOfSamplingCallback	16	static
../Core/Src/main.c:459:6:HAL_ADC_ConvCpltCallback	16	static
../Core/Src/main.c:479:6:Error_Handler	4	static,ignoring_inline_asm
